// Jest Snapshot v1, https://goo.gl/fbAQLP

exports[`should Render ExpenseListItem 1`] = `
<div>
  <Link
    replace={false}
    to="/edit/1"
  >
    <h3>
      gum
    </h3>
  </Link>
  <p>
    $1.00
     
    January 4th 1970
  </p>
</div>
`;
