// Jest Snapshot v1, https://goo.gl/fbAQLP

exports[`should Render Dashboard Expense Page 1`] = `
<div>
  This is my Dashboard Page
  <Connect(expenseListFilters) />
  <Connect(ExpenseList) />
</div>
`;
