// Jest Snapshot v1, https://goo.gl/fbAQLP

exports[`should Render ExpenseList without Expenses 1`] = `
<div>
  <p>
    No Expenses
  </p>
</div>
`;
