// Jest Snapshot v1, https://goo.gl/fbAQLP

exports[`should render Header correctly 1`] = `
<header>
  <h1>
    Expensify
  </h1>
  <NavLink
    activeClassName="active"
    aria-current="page"
    to="/"
  >
    Home
  </NavLink>
  <NavLink
    activeClassName="active"
    aria-current="page"
    to="/create"
  >
    Add Expense 
  </NavLink>
  <NavLink
    activeClassName="active"
    aria-current="page"
    to="/help"
  >
    Help
  </NavLink>
  <button
    onClick={[Function]}
  >
    LogOut
  </button>
</header>
`;
